# PRD 6.2 - the suite with pandas, pyarrow, openpyxl and python-calamine ABSENT.
#
# Run in a genuine venv built with no extras, OUTSIDE the repo (.gitignore
# covers .venv/ and not a second one, and the estate autocommit bot sweeps
# this repo). An earlier attempt used a sys.meta_path blocker, which is exact
# for `import` and wrong for `importlib.util.find_spec`: real absence returns
# None, the blocker raised.
#
# Round 52 rejected an earlier version of this file for certifying
# `collected: 4175` on a tree that collects 4176 - the run had finished
# BEFORE the last test of that commit was written. The ordering is now fixed:
# every change that can alter the suite lands first, this run is last, and
# only prose (this header, the closeout) may follow it.
#
# repo toplevel : /Users/gopalmacbook/Desktop/Max HQ/pqtools
# rootdir       : /Users/gopalmacbook/Desktop/Max HQ/pqtools
# HEAD          : f578ee8c0e212d0e8aab60f291f9e626f445639e
# working tree  : the round-53 work, committed next -
#                 .planning/AUDIT-2026-09-05-CLOSEOUT.md
#                 tests/test_evidence_captures.py
#                 evidence/opus5-wrapper-*.txt (11 pre-round-46 captures annotated)
# collected here: 4176 tests collected in 1.09s
# collected dev : 4176 tests collected in 1.22s
# result below  : 4135 passed + 41 skipped = 4176, so the run and the
#                 collection agree - the check round 52 added
# python        : Python 3.11.15
# extras absent : pandas=None, pyarrow=None, openpyxl=None, python_calamine=None
# stale paths   : 0
# warnings      : 0
#
# Round 50 asked how two runs could agree to 0.009% (682.38s -> 682.44s).
# SIX floor runs of this suite have now been measured on this machine on
# 2026-09-09:
#
#     683.47s   (1 failed, 4130 passed)
#     682.38s   (4131 passed)
#     682.44s   (4134 passed)
#     683.61s   (4135 passed, 1 warning)
#     680.93s   (4135 passed)
#     699.56s   (4135 passed)  <- this run
#
# The first five span 2.68s; this one is 16s slower, and the machine was
# ~3.5 GB into swap when it ran (two unrelated review processes had just been
# OOM-killed on it). So the honest statement is narrower than the earlier
# one: under comparable conditions the suite is stable to a few seconds, and
# under memory pressure it loses ~2%. Either way two runs landing 0.06s apart
# sits inside the idle-machine spread, and the two logs in question are
# provably different executions - different collected counts, different skip
# line numbers, different progress-dot layout.

============================= test session starts ==============================
platform darwin -- Python 3.11.15, pytest-9.1.1, pluggy-1.6.0
rootdir: /Users/gopalmacbook/Desktop/Max HQ/pqtools
configfile: pyproject.toml
testpaths: tests
collected 4176 items

tests/test_adapters.py ..............s.....                              [  0%]
tests/test_binary_format.py ............................................ [  1%]
..............                                                           [  1%]
tests/test_builtins_datetime.py ........................................ [  2%]
...........................................................              [  4%]
tests/test_builtins_join.py ............................................ [  5%]
.........                                                                [  5%]
tests/test_builtins_scalar.py .......................................... [  6%]
........................................................................ [  8%]
....                                                                     [  8%]
tests/test_builtins_shape.py ........................................... [  9%]
.........................                                                [  9%]
tests/test_builtins_type.py ............................................ [ 11%]
.                                                                        [ 11%]
tests/test_catalog.py ............                                       [ 11%]
tests/test_cli.py ...........s....                                       [ 11%]
tests/test_cli_verbs.py ......................................           [ 12%]
tests/test_comparers.py ................................................ [ 13%]
.                                                                        [ 13%]
tests/test_connector_arity_before_policy.py ......                       [ 13%]
tests/test_connectors.py ...........................                     [ 14%]
tests/test_container_backup_safety.py ...........                        [ 14%]
tests/test_container_workflow.py ..................                      [ 15%]
tests/test_containers.py ............................................... [ 16%]
...                                                                      [ 16%]
tests/test_core.py ..................................................... [ 17%]
                                                                         [ 17%]
tests/test_corpus.py ...                                                 [ 17%]
tests/test_culture_formats.py .......................................... [ 18%]
........................                                                 [ 19%]
tests/test_datetime_format_parsing.py ...........................        [ 20%]
tests/test_doc_example_shapes.py .................                       [ 20%]
tests/test_doc_examples.py ............................................. [ 21%]
........................................................................ [ 23%]
........................................................................ [ 24%]
........................................................................ [ 26%]
........................................................................ [ 28%]
........................................................................ [ 30%]
........................................................................ [ 31%]
........................................................................ [ 33%]
........................................................................ [ 35%]
........................................................................ [ 37%]
........................................................................ [ 38%]
........................................................................ [ 40%]
........................................................................ [ 42%]
............................................                             [ 43%]
tests/test_documented_enum_values.py ................................... [ 44%]
......................                                                   [ 44%]
tests/test_documented_optional_arguments.py ............................ [ 45%]
.                                                                        [ 45%]
tests/test_documented_signatures.py .................................... [ 46%]
........................................................................ [ 47%]
........................................................................ [ 49%]
........................................................................ [ 51%]
........................................................................ [ 53%]
........................................................................ [ 54%]
........................................................................ [ 56%]
........................................................................ [ 58%]
........................................................................ [ 59%]
...............................................                          [ 61%]
tests/test_end_to_end.py ..ssss........................s.s.............. [ 62%]
.............................................                            [ 63%]
tests/test_evaluate.py ................................................. [ 64%]
....................                                                     [ 64%]
tests/test_evidence_captures.py .....                                    [ 65%]
tests/test_export.py .....ssssssssssssssssssssssss.....                  [ 65%]
tests/test_from_text.py ................................................ [ 67%]
.........                                                                [ 67%]
tests/test_hash_intrinsics.py .............                              [ 67%]
tests/test_item_access.py .........s                                     [ 67%]
tests/test_language_features.py ........................................ [ 68%]
......                                                                   [ 68%]
tests/test_list_0_10.py ................................................ [ 70%]
........................                                                 [ 70%]
tests/test_list_criteria.py .......................                      [ 71%]
tests/test_llms_txt.py ....                                              [ 71%]
tests/test_misc_builtins.py ............................................ [ 72%]
......                                                                   [ 72%]
tests/test_no_silent_handlers.py ....                                    [ 72%]
tests/test_number_0_10.py ...............................                [ 73%]
tests/test_numeric_from.py ............................................. [ 74%]
................................................                         [ 75%]
tests/test_odata_pagination.py .............................             [ 76%]
tests/test_odbc_options.py ..........                                    [ 76%]
tests/test_operators.py ................................................ [ 77%]
.....                                                                    [ 77%]
tests/test_readme_builtins.py .....                                      [ 77%]
tests/test_realworld.py ....                                             [ 77%]
tests/test_registry.py .........                                         [ 78%]
tests/test_rules.py .                                                    [ 78%]
tests/test_sort_criteria.py ............                                 [ 78%]
tests/test_sources.py .....................ss..................          [ 79%]
tests/test_sql_credentials.py ...................                        [ 79%]
tests/test_sql_navigation.py .......................                     [ 80%]
tests/test_sql_options.py .............................                  [ 81%]
tests/test_support_matrix.py ..............................              [ 81%]
tests/test_table_0_10.py ............................................... [ 83%]
.....................................................                    [ 84%]
tests/test_table_coverage_gaps.py ..............                         [ 84%]
tests/test_table_gaps_0_9.py ..............................              [ 85%]
tests/test_table_optional_arguments.py .........................         [ 85%]
tests/test_tail_namespaces.py .......................................... [ 86%]
..........                                                               [ 87%]
tests/test_temporal_0_10.py ............................................ [ 88%]
........................................................................ [ 89%]
........................................................................ [ 91%]
........................................................................ [ 93%]
..........................                                               [ 94%]
tests/test_temporal_comparison.py ......................                 [ 94%]
tests/test_text_0_10.py .....................                            [ 95%]
tests/test_text_escapes.py ................................              [ 95%]
tests/test_text_format.py ...............................                [ 96%]
tests/test_type_expressions.py ..................                        [ 97%]
tests/test_type_system.py .............................................  [ 98%]
tests/test_values_0_10.py .............................................. [ 99%]
............................                                             [ 99%]
tests/test_write_validation.py ssssss                                    [100%]

=========================== short test summary info ============================
SKIPPED [1] tests/test_adapters.py:383: could not import 'pyarrow': No module named 'pyarrow'
SKIPPED [1] tests/test_cli.py:162: could not import 'openpyxl': No module named 'openpyxl'
SKIPPED [1] tests/test_end_to_end.py:95: could not import 'pandas': No module named 'pandas'
SKIPPED [1] tests/test_end_to_end.py:115: could not import 'pandas': No module named 'pandas'
SKIPPED [1] tests/test_end_to_end.py:141: could not import 'pandas': No module named 'pandas'
SKIPPED [1] tests/test_end_to_end.py:153: could not import 'pandas': No module named 'pandas'
SKIPPED [1] tests/test_end_to_end.py:486: could not import 'pandas': No module named 'pandas'
SKIPPED [1] tests/test_end_to_end.py:536: could not import 'pandas': No module named 'pandas'
SKIPPED [1] tests/test_export.py:107: could not import 'pandas': No module named 'pandas'
SKIPPED [1] tests/test_export.py:122: could not import 'pandas': No module named 'pandas'
SKIPPED [1] tests/test_export.py:141: could not import 'pandas': No module named 'pandas'
SKIPPED [1] tests/test_export.py:159: could not import 'pandas': No module named 'pandas'
SKIPPED [1] tests/test_export.py:172: could not import 'pandas': No module named 'pandas'
SKIPPED [1] tests/test_export.py:185: could not import 'pandas': No module named 'pandas'
SKIPPED [1] tests/test_export.py:198: could not import 'pandas': No module named 'pandas'
SKIPPED [1] tests/test_export.py:211: could not import 'pandas': No module named 'pandas'
SKIPPED [1] tests/test_export.py:228: could not import 'pandas': No module named 'pandas'
SKIPPED [1] tests/test_export.py:246: could not import 'pandas': No module named 'pandas'
SKIPPED [1] tests/test_export.py:264: could not import 'pandas': No module named 'pandas'
SKIPPED [1] tests/test_export.py:276: could not import 'pandas': No module named 'pandas'
SKIPPED [1] tests/test_export.py:298: could not import 'pandas': No module named 'pandas'
SKIPPED [1] tests/test_export.py:309: could not import 'pandas': No module named 'pandas'
SKIPPED [1] tests/test_export.py:320: could not import 'pandas': No module named 'pandas'
SKIPPED [1] tests/test_export.py:332: could not import 'pandas': No module named 'pandas'
SKIPPED [1] tests/test_export.py:343: could not import 'pandas': No module named 'pandas'
SKIPPED [1] tests/test_export.py:354: could not import 'pandas': No module named 'pandas'
SKIPPED [1] tests/test_export.py:368: could not import 'pandas': No module named 'pandas'
SKIPPED [1] tests/test_export.py:382: could not import 'pandas': No module named 'pandas'
SKIPPED [1] tests/test_export.py:401: could not import 'pandas': No module named 'pandas'
SKIPPED [1] tests/test_export.py:413: could not import 'pandas': No module named 'pandas'
SKIPPED [1] tests/test_export.py:441: could not import 'pandas': No module named 'pandas'
SKIPPED [1] tests/test_export.py:471: could not import 'pandas': No module named 'pandas'
SKIPPED [1] tests/test_item_access.py:85: could not import 'openpyxl': No module named 'openpyxl'
SKIPPED [2] tests/test_sources.py:259: could not import 'openpyxl': No module named 'openpyxl'
SKIPPED [4] tests/test_write_validation.py:44: could not import 'openpyxl': No module named 'openpyxl'
SKIPPED [1] tests/test_write_validation.py:120: could not import 'openpyxl': No module named 'openpyxl'
SKIPPED [1] tests/test_write_validation.py:138: could not import 'python_calamine': No module named 'python_calamine'
================= 4135 passed, 41 skipped in 699.56s (0:11:39) =================
