# PRD 6.2 - the suite with pandas, pyarrow, openpyxl and python-calamine ABSENT.
#
# Produced by scripts/floor_venv_run.sh, which is committed, is in the
# digest below, and is the only thing that writes this file. Every line
# here is emitted by the same invocation as the run; none is typed by
# hand. The script refuses to write when a claim would be unfalsifiable.
#
#   pytest argv, one %q-quoted word per line:
#     -p
#     no:cacheprovider
#     --rootdir=/Users/gopalmacbook/Desktop/Max\ HQ/pqtools
#     -rs
#   (printed per word because joining an array with spaces reproduces
#    the exact one-giant-argument string of the round-56 defect)
#
#   __pycache__ dirs        : 0
#   PYTHONDONTWRITEBYTECODE : 1
#   extras absent           : pandas, pyarrow, openpyxl, python_calamine all absent (find_spec -> None)
#   skips: 37 SKIPPED lines accounting for 41, summary says 41
#
#   tree digest             : bc34f1dbf22e5030f4bd33c1bb499183811b01e6fc22bcc6e7c2aa2a274de7a5
#     scripts/floor_digest.sh - the single definition, read by this
#     script and by release_gate.sh step 9 so the gate cannot certify
#     a different scope than this header names.
#     over 125 TRACKED files. Untracked files are refused rather
#     than hashed: including them produced a digest no clone, CI run or
#     review worktree could reproduce. Re-measured after the run:
#     bc34f1dbf22e5030f4bd33c1bb499183811b01e6fc22bcc6e7c2aa2a274de7a5
#
#   git tree sha (at start) : f143eaaca68c1c68036458ea86e62d5916bd924a
#   git tree sha (at end)   : f143eaaca68c1c68036458ea86e62d5916bd924a
#   pushed tip              : abb92ca
#   uncommitted (at start)  : 5 file(s)
#   uncommitted (at end)    : 5 file(s)
#   started                 : 2026-09-10T03:34:17Z
#   finished                : 2026-09-10T03:45:46Z
#   collected (floor)       : 4187 tests collected in 1.06s
#   collected (dev)         : 4187 tests collected in 1.59s
#
============================= test session starts ==============================
platform darwin -- Python 3.11.15, pytest-9.1.1, pluggy-1.6.0
rootdir: /Users/gopalmacbook/Desktop/Max HQ/pqtools
configfile: pyproject.toml
testpaths: tests
collected 4187 items

tests/test_adapters.py ..............s.....                              [  0%]
tests/test_binary_format.py ............................................ [  1%]
..............                                                           [  1%]
tests/test_builtins_datetime.py ........................................ [  2%]
...........................................................              [  4%]
tests/test_builtins_join.py ............................................ [  5%]
.........                                                                [  5%]
tests/test_builtins_scalar.py .......................................... [  6%]
........................................................................ [  8%]
....                                                                     [  8%]
tests/test_builtins_shape.py ........................................... [  9%]
.........................                                                [  9%]
tests/test_builtins_type.py ............................................ [ 10%]
.                                                                        [ 11%]
tests/test_catalog.py ............                                       [ 11%]
tests/test_cli.py ...........s....                                       [ 11%]
tests/test_cli_verbs.py ........................................         [ 12%]
tests/test_comparers.py ................................................ [ 13%]
.                                                                        [ 13%]
tests/test_connector_arity_before_policy.py ......                       [ 13%]
tests/test_connectors.py ...........................                     [ 14%]
tests/test_container_backup_safety.py ...........                        [ 14%]
tests/test_container_workflow.py ..................                      [ 15%]
tests/test_containers.py ............................................... [ 16%]
...                                                                      [ 16%]
tests/test_core.py ..................................................... [ 17%]
                                                                         [ 17%]
tests/test_corpus.py ...                                                 [ 17%]
tests/test_culture_formats.py .......................................... [ 18%]
........................                                                 [ 19%]
tests/test_datetime_format_parsing.py ...........................        [ 20%]
tests/test_doc_example_shapes.py .................                       [ 20%]
tests/test_doc_examples.py ............................................. [ 21%]
........................................................................ [ 23%]
........................................................................ [ 24%]
........................................................................ [ 26%]
........................................................................ [ 28%]
........................................................................ [ 30%]
........................................................................ [ 31%]
........................................................................ [ 33%]
........................................................................ [ 35%]
........................................................................ [ 36%]
........................................................................ [ 38%]
........................................................................ [ 40%]
........................................................................ [ 42%]
............................................                             [ 43%]
tests/test_documented_enum_values.py ................................... [ 44%]
......................                                                   [ 44%]
tests/test_documented_optional_arguments.py ............................ [ 45%]
.                                                                        [ 45%]
tests/test_documented_signatures.py .................................... [ 46%]
........................................................................ [ 47%]
........................................................................ [ 49%]
........................................................................ [ 51%]
........................................................................ [ 52%]
........................................................................ [ 54%]
........................................................................ [ 56%]
........................................................................ [ 58%]
........................................................................ [ 59%]
...............................................                          [ 60%]
tests/test_end_to_end.py ..ssss........................s.s.............. [ 62%]
......................................................                   [ 63%]
tests/test_evaluate.py ................................................. [ 64%]
....................                                                     [ 65%]
tests/test_evidence_captures.py .....                                    [ 65%]
tests/test_export.py .....ssssssssssssssssssssssss.....                  [ 65%]
tests/test_from_text.py ................................................ [ 67%]
.........                                                                [ 67%]
tests/test_hash_intrinsics.py .............                              [ 67%]
tests/test_item_access.py .........s                                     [ 67%]
tests/test_language_features.py ........................................ [ 68%]
......                                                                   [ 68%]
tests/test_list_0_10.py ................................................ [ 70%]
........................                                                 [ 70%]
tests/test_list_criteria.py .......................                      [ 71%]
tests/test_llms_txt.py ....                                              [ 71%]
tests/test_misc_builtins.py ............................................ [ 72%]
......                                                                   [ 72%]
tests/test_no_silent_handlers.py ....                                    [ 72%]
tests/test_number_0_10.py ...............................                [ 73%]
tests/test_numeric_from.py ............................................. [ 74%]
................................................                         [ 75%]
tests/test_odata_pagination.py .............................             [ 76%]
tests/test_odbc_options.py ..........                                    [ 76%]
tests/test_operators.py ................................................ [ 77%]
.....                                                                    [ 77%]
tests/test_readme_builtins.py .....                                      [ 77%]
tests/test_realworld.py ....                                             [ 78%]
tests/test_registry.py .........                                         [ 78%]
tests/test_rules.py .                                                    [ 78%]
tests/test_sort_criteria.py ............                                 [ 78%]
tests/test_sources.py .....................ss..................          [ 79%]
tests/test_sql_credentials.py ...................                        [ 79%]
tests/test_sql_navigation.py .......................                     [ 80%]
tests/test_sql_options.py .............................                  [ 81%]
tests/test_support_matrix.py ..............................              [ 81%]
tests/test_table_0_10.py ............................................... [ 83%]
.....................................................                    [ 84%]
tests/test_table_coverage_gaps.py ..............                         [ 84%]
tests/test_table_gaps_0_9.py ..............................              [ 85%]
tests/test_table_optional_arguments.py .........................         [ 85%]
tests/test_tail_namespaces.py .......................................... [ 86%]
..........                                                               [ 87%]
tests/test_temporal_0_10.py ............................................ [ 88%]
........................................................................ [ 89%]
........................................................................ [ 91%]
........................................................................ [ 93%]
..........................                                               [ 94%]
tests/test_temporal_comparison.py ......................                 [ 94%]
tests/test_text_0_10.py .....................                            [ 95%]
tests/test_text_escapes.py ................................              [ 95%]
tests/test_text_format.py ...............................                [ 96%]
tests/test_type_expressions.py ..................                        [ 97%]
tests/test_type_system.py .............................................  [ 98%]
tests/test_values_0_10.py .............................................. [ 99%]
............................                                             [ 99%]
tests/test_write_validation.py ssssss                                    [100%]

=========================== short test summary info ============================
SKIPPED [1] tests/test_adapters.py:383: could not import 'pyarrow': No module named 'pyarrow'
SKIPPED [1] tests/test_cli.py:162: could not import 'openpyxl': No module named 'openpyxl'
SKIPPED [1] tests/test_end_to_end.py:95: could not import 'pandas': No module named 'pandas'
SKIPPED [1] tests/test_end_to_end.py:115: could not import 'pandas': No module named 'pandas'
SKIPPED [1] tests/test_end_to_end.py:141: could not import 'pandas': No module named 'pandas'
SKIPPED [1] tests/test_end_to_end.py:153: could not import 'pandas': No module named 'pandas'
SKIPPED [1] tests/test_end_to_end.py:486: could not import 'pandas': No module named 'pandas'
SKIPPED [1] tests/test_end_to_end.py:536: could not import 'pandas': No module named 'pandas'
SKIPPED [1] tests/test_export.py:107: could not import 'pandas': No module named 'pandas'
SKIPPED [1] tests/test_export.py:122: could not import 'pandas': No module named 'pandas'
SKIPPED [1] tests/test_export.py:141: could not import 'pandas': No module named 'pandas'
SKIPPED [1] tests/test_export.py:159: could not import 'pandas': No module named 'pandas'
SKIPPED [1] tests/test_export.py:172: could not import 'pandas': No module named 'pandas'
SKIPPED [1] tests/test_export.py:185: could not import 'pandas': No module named 'pandas'
SKIPPED [1] tests/test_export.py:198: could not import 'pandas': No module named 'pandas'
SKIPPED [1] tests/test_export.py:211: could not import 'pandas': No module named 'pandas'
SKIPPED [1] tests/test_export.py:228: could not import 'pandas': No module named 'pandas'
SKIPPED [1] tests/test_export.py:246: could not import 'pandas': No module named 'pandas'
SKIPPED [1] tests/test_export.py:264: could not import 'pandas': No module named 'pandas'
SKIPPED [1] tests/test_export.py:276: could not import 'pandas': No module named 'pandas'
SKIPPED [1] tests/test_export.py:298: could not import 'pandas': No module named 'pandas'
SKIPPED [1] tests/test_export.py:309: could not import 'pandas': No module named 'pandas'
SKIPPED [1] tests/test_export.py:320: could not import 'pandas': No module named 'pandas'
SKIPPED [1] tests/test_export.py:332: could not import 'pandas': No module named 'pandas'
SKIPPED [1] tests/test_export.py:343: could not import 'pandas': No module named 'pandas'
SKIPPED [1] tests/test_export.py:354: could not import 'pandas': No module named 'pandas'
SKIPPED [1] tests/test_export.py:368: could not import 'pandas': No module named 'pandas'
SKIPPED [1] tests/test_export.py:382: could not import 'pandas': No module named 'pandas'
SKIPPED [1] tests/test_export.py:401: could not import 'pandas': No module named 'pandas'
SKIPPED [1] tests/test_export.py:413: could not import 'pandas': No module named 'pandas'
SKIPPED [1] tests/test_export.py:441: could not import 'pandas': No module named 'pandas'
SKIPPED [1] tests/test_export.py:471: could not import 'pandas': No module named 'pandas'
SKIPPED [1] tests/test_item_access.py:85: could not import 'openpyxl': No module named 'openpyxl'
SKIPPED [2] tests/test_sources.py:259: could not import 'openpyxl': No module named 'openpyxl'
SKIPPED [4] tests/test_write_validation.py:44: could not import 'openpyxl': No module named 'openpyxl'
SKIPPED [1] tests/test_write_validation.py:120: could not import 'openpyxl': No module named 'openpyxl'
SKIPPED [1] tests/test_write_validation.py:138: could not import 'python_calamine': No module named 'python_calamine'
================= 4146 passed, 41 skipped in 688.63s (0:11:28) =================
FLOOR EXIT: 0
